[rascalsthemes.com/demo/meloo/demo1/home-hip-hop/index.html]
[rascalsthemes.com/demo/meloo/demo1/artists/noisa/index.html]
[rascalsthemes.com/demo/meloo/demo1/music/sick-music/index.html]
[rascalsthemes.com/demo/meloo/demo1/events/voice-from-the-stone/index.html]
[rascalsthemes.com/demo/meloo/demo1/events-grid-1/index.html]
[rascalsthemes.com/demo/meloo/demo1/posts-page-builder-blocks/posts-block-1/index.html]
[backblue.gif]
[fade.gif]
[index.html]
[rascalsthemes.com/demo/meloo/demo1/gallery-grid-2/index.html]
[rascalsthemes.com/demo/meloo/demo1/gallery/amsterdam-dance/index.html]
[rascalsthemes.com/demo/meloo/demo1/wp-includes/css/dist/block-library/style.min1eb7.css]
[rascalsthemes.com/demo/meloo/demo1/shop/index.html]
[rascalsthemes.com/demo/meloo/demo1/wp-content/plugins/woocommerce/packages/woocommerce-blocks/build/wc-blocks-vendors-styled01d.css]
[rascalsthemes.com/demo/meloo/demo1/wp-content/plugins/woocommerce/packages/woocommerce-blocks/build/wc-blocks-styled01d.css]
[rascalsthemes.com/demo/meloo/demo1/wp-content/plugins/contact-form-7/includes/css/styles40df.css]
[rascalsthemes.com/demo/meloo/demo1/wp-content/plugins/meloo-toolkit/options/toolkit/vendors/magnific-popup/magnific-popup1eb7.css]
[rascalsthemes.com/demo/meloo/demo1/wp-content/plugins/meloo-toolkit/options/toolkit/css/frontend-toolkit1eb7.css]
[rascalsthemes.com/demo/meloo/demo1/wp-content/plugins/meloo-toolkit/options/scamp-player/css/scamp.player1eb7.css]
[rascalsthemes.com/demo/meloo/demo1/wp-content/plugins/meloo-toolkit/options/scamp-player/css/scamp.player.dark1eb7.css]
[rascalsthemes.com/demo/meloo/demo1/wp-content/plugins/meloo-toolkit/options/scamp-player/css/scamp-player-shortcodes1eb7.css]
[rascalsthemes.com/demo/meloo/demo1/wp-content/plugins/woocommerce/assets/css/woocommerce-layoutbdeb.css]
[rascalsthemes.com/demo/meloo/demo1/wp-content/plugins/woocommerce/assets/css/woocommerce-smallscreenbdeb.css]
[rascalsthemes.com/demo/meloo/demo1/wp-content/plugins/woocommerce/assets/css/woocommercebdeb.css]
[rascalsthemes.com/demo/meloo/demo1/wp-content/themes/meloo/style1eb7.css]
[rascalsthemes.com/demo/meloo/demo1/wp-content/themes/meloo-child/style1eb7.css]
[rascalsthemes.com/demo/meloo/demo1/wp-content/themes/meloo/icons/icomoon1eb7.css]
[rascalsthemes.com/demo/meloo/demo1/wp-content/themes/meloo/icons/Pe-icon-7-stroke1eb7.css]
[rascalsthemes.com/demo/meloo/demo1/wp-content/themes/meloo-child/css/woocommerce-theme-style1eb7.css]
[rascalsthemes.com/demo/meloo/demo1/wp-content/plugins/kingcomposer/assets/frontend/css/kingcomposer.min4315.css]
[rascalsthemes.com/demo/meloo/demo1/wp-content/plugins/kingcomposer/assets/css/animate4315.css]
[rascalsthemes.com/demo/meloo/demo1/wp-content/plugins/kingcomposer/assets/css/icons4315.css]
[rascalsthemes.com/demo/meloo/demo1/wp-content/plugins/kingcomposer/includes/frontend/vendors/owl-carousel/owl.theme4315.css]
[rascalsthemes.com/demo/meloo/demo1/wp-content/plugins/kingcomposer/includes/frontend/vendors/owl-carousel/owl.carousel4315.css]
[rascalsthemes.com/demo/meloo/demo1/wp-includes/js/jquery/jquery.minaf6c.js]
[rascalsthemes.com/demo/meloo/demo1/wp-includes/js/jquery/jquery-migrate.mind617.js]
[rascalsthemes.com/demo/meloo/demo1/wp-content/uploads/2018/06/release03-big.jpg]
[rascalsthemes.com/demo/meloo/demo1/wp-content/plugins/revslider/public/assets/assets/dummy.png]
[rascalsthemes.com/demo/meloo/demo1/wp-content/themes/meloo/images/no-thumb/400x400.png]
[rascalsthemes.com/demo/meloo/demo1/wp-content/uploads/2018/06/badge-bandcamp.png]
[rascalsthemes.com/demo/meloo/demo1/wp-content/uploads/2018/06/badge-beatport.png]
[rascalsthemes.com/demo/meloo/demo1/wp-content/uploads/2018/06/badge-itunes.png]
[rascalsthemes.com/demo/meloo/demo1/wp-content/uploads/2018/07/event1-660x660.jpg]
[rascalsthemes.com/demo/meloo/demo1/wp-content/uploads/2018/07/event2-660x660.jpg]
[rascalsthemes.com/demo/meloo/demo1/wp-content/uploads/2018/07/event3-660x660.jpg]
[rascalsthemes.com/demo/meloo/demo1/wp-content/uploads/2018/07/event4-660x660.jpg]
[rascalsthemes.com/demo/meloo/demo1/wp-content/uploads/2018/07/event5-660x660.jpg]
[rascalsthemes.com/demo/meloo/demo1/wp-content/uploads/2018/07/event6.jpg]
[rascalsthemes.com/demo/meloo/demo1/wp-content/uploads/2018/07/event7-660x660.jpg]
[rascalsthemes.com/demo/meloo/demo1/wp-content/uploads/2018/08/man-1.png]
[rascalsthemes.com/demo/meloo/demo1/wp-content/themes/meloo/images/no-thumb/660x660.png]
[rascalsthemes.com/demo/meloo/demo1/wp-content/plugins/revslider/public/assets/css/rs6097f.css]
[rascalsthemes.com/demo/meloo/demo1/wp-includes/js/dist/vendor/regenerator-runtime.min3937.js]
[rascalsthemes.com/demo/meloo/demo1/wp-includes/js/dist/vendor/wp-polyfill.min2c7c.js]
[rascalsthemes.com/demo/meloo/demo1/wp-content/plugins/contact-form-7/includes/js/index40df.js]
[rascalsthemes.com/demo/meloo/demo1/wp-content/plugins/meloo-toolkit/options/toolkit/js/frontend-toolkit-pack.min1eb7.js]
[rascalsthemes.com/demo/meloo/demo1/wp-content/plugins/meloo-toolkit/options/toolkit/js/frontend-toolkit.min1eb7.js]
[rascalsthemes.com/demo/meloo/demo1/wp-content/plugins/meloo-toolkit/options/scamp-player/js/scamp-player-pack.min1eb7.js]
[rascalsthemes.com/demo/meloo/demo1/wp-content/plugins/meloo-toolkit/options/scamp-player/js/jquery.scamp.player-init1eb7.js]
[rascalsthemes.com/demo/meloo/demo1/wp-content/plugins/revslider/public/assets/js/rbtools.min097f.js]
[rascalsthemes.com/demo/meloo/demo1/wp-content/plugins/revslider/public/assets/js/rs6.min097f.js]
[rascalsthemes.com/demo/meloo/demo1/wp-content/plugins/woocommerce/assets/js/jquery-blockui/jquery.blockUI.minbd43.js]
[rascalsthemes.com/demo/meloo/demo1/wp-content/plugins/woocommerce/assets/js/frontend/add-to-cart.minbdeb.js]
[rascalsthemes.com/demo/meloo/demo1/wp-content/plugins/woocommerce/assets/js/js-cookie/js.cookie.min38b6.js]
[rascalsthemes.com/demo/meloo/demo1/wp-content/plugins/woocommerce/assets/js/frontend/woocommerce.minbdeb.js]
[rascalsthemes.com/demo/meloo/demo1/wp-content/plugins/woocommerce/assets/js/frontend/cart-fragments.minbdeb.js]
[rascalsthemes.com/demo/meloo/demo1/wp-content/themes/meloo-child/js/custom1eb7.js]
[rascalsthemes.com/demo/meloo/demo1/wp-content/themes/meloo/js/anime.min1eb7.js]
[rascalsthemes.com/demo/meloo/demo1/wp-content/themes/meloo/js/helpers.min1eb7.js]
[rascalsthemes.com/demo/meloo/demo1/wp-content/themes/meloo/js/jquery.lazy.min1eb7.js]
[rascalsthemes.com/demo/meloo/demo1/wp-content/themes/meloo/js/resize-sensor.min1eb7.js]
[rascalsthemes.com/demo/meloo/demo1/wp-includes/js/imagesloaded.mineda1.js]
[rascalsthemes.com/demo/meloo/demo1/wp-content/themes/meloo/js/theme1eb7.js]
[rascalsthemes.com/demo/meloo/demo1/wp-content/plugins/kingcomposer/assets/frontend/js/kingcomposer.min4315.js]
[rascalsthemes.com/demo/meloo/demo1/wp-includes/js/masonry.min3a05.js]
[rascalsthemes.com/demo/meloo/demo1/wp-content/plugins/kingcomposer/includes/frontend/vendors/owl-carousel/owl.carousel.min4315.js]
[rascalsthemes.com/demo/meloo/demo1/wp-content/plugins/mailchimp-for-wp/assets/js/forms6c42.js]
[rascalsthemes.com/demo/meloo/demo1/home-hip-hop/index.html]
[rascalsthemes.com/demo/meloo/demo1/wp-content/uploads/2018/08/events-bg.jpg]
[rascalsthemes.com/demo/meloo/demo1/wp-content/uploads/2019/03/Artist-Noisa-150x150.jpg]
[rascalsthemes.com/demo/meloo/demo1/wp-content/uploads/2018/06/smokey-150x150.jpg]
[rascalsthemes.com/demo/meloo/demo1/wp-content/uploads/2018/03/cover01-150x150.jpg]
[rascalsthemes.com/demo/meloo/demo1/wp-content/uploads/2018/06/cover2-150x150.jpg]
[rascalsthemes.com/demo/meloo/demo1/wp-content/uploads/2018/06/release01-150x150.jpg]
[rascalsthemes.com/demo/meloo/demo1/wp-content/uploads/2018/07/gallery9.jpg]
[rascalsthemes.com/demo/meloo/demo1/wp-content/uploads/2018/07/gallery8.jpg]
[rascalsthemes.com/demo/meloo/demo1/wp-content/uploads/2018/07/gallery7.jpg]
[rascalsthemes.com/demo/meloo/demo1/wp-content/uploads/2018/07/gallery6.jpg]
[rascalsthemes.com/demo/meloo/demo1/wp-content/uploads/2018/07/gallery5.jpg]
[rascalsthemes.com/demo/meloo/demo1/wp-content/uploads/2018/07/gallery4.jpg]
[rascalsthemes.com/demo/meloo/demo1/wp-content/uploads/2018/07/gallery3.jpg]
[rascalsthemes.com/demo/meloo/demo1/wp-content/uploads/2018/07/gallery2.jpg]
[rascalsthemes.com/demo/meloo/demo1/wp-content/uploads/2018/07/gallery1.jpg]
[rascalsthemes.com/demo/meloo/demo1/wp-content/uploads/2018/07/event3.jpg]
[rascalsthemes.com/demo/meloo/demo1/wp-content/uploads/2018/06/badge-soundcloud.png]
[rascalsthemes.com/demo/meloo/demo1/wp-content/uploads/2018/06/badge-google_play.png]
[rascalsthemes.com/demo/meloo/demo1/wp-content/uploads/2019/03/Artist-Meloo.jpg]
[rascalsthemes.com/demo/meloo/demo1/wp-content/uploads/2019/03/Artist-Rudi.jpg]
[rascalsthemes.com/demo/meloo/demo1/artists/noisa/index.html]
[rascalsthemes.com/demo/meloo/demo1/wp-content/uploads/2018/06/sick-music-bg.jpg]
[rascalsthemes.com/demo/meloo/demo1/music/sick-music/feed/index.html]
[rascalsthemes.com/demo/meloo/demo1/wp-content/uploads/2018/06/release03.jpg]
[rascalsthemes.com/demo/meloo/demo1/wp-content/uploads/2018/06/recognise.jpg]
[rascalsthemes.com/demo/meloo/demo1/wp-includes/js/comment-reply.min1eb7.js]
[rascalsthemes.com/demo/meloo/demo1/music/sick-music/index.html]
[rascalsthemes.com/demo/meloo/demo1/events-grid-1/index.html]
[rascalsthemes.com/demo/meloo/demo1/wp-content/uploads/2018/07/event1-bg.jpg]
[rascalsthemes.com/demo/meloo/demo1/events/voice-from-the-stone/feed/index.html]
[rascalsthemes.com/demo/meloo/demo1/wp-content/uploads/2018/07/event1.jpg]
[rascalsthemes.com/demo/meloo/demo1/wp-content/uploads/2018/07/event2.jpg]
[rascalsthemes.com/demo/meloo/demo1/events/voice-from-the-stone/index.html]
[rascalsthemes.com/demo/meloo/demo1/wp-content/themes/meloo/images/no-thumb/content.png]
[rascalsthemes.com/demo/meloo/demo1/posts-page-builder-blocks/posts-block-1/index.html]
[rascalsthemes.com/demo/meloo/demo1/wp-content/themes/meloo/images/no-thumb/790x530.png]
[rascalsthemes.com/demo/meloo/demo1/gallery-grid-2/index.html]
[rascalsthemes.com/demo/meloo/demo1/posts-page-builder-blocks/posts-block-1/page/7/index.html]
[rascalsthemes.com/demo/meloo/demo1/wp-content/uploads/2018/06/bg1.jpg]
[rascalsthemes.com/demo/meloo/demo1/posts-page-builder-blocks/posts-block-1/page/2/index.html]
[rascalsthemes.com/demo/meloo/demo1/wp-content/uploads/2018/07/event9.jpg]
[rascalsthemes.com/demo/meloo/demo1/wp-content/uploads/2018/07/event8.jpg]
[rascalsthemes.com/demo/meloo/demo1/wp-content/uploads/2018/07/event7.jpg]
[rascalsthemes.com/demo/meloo/demo1/wp-content/uploads/2018/07/event5.jpg]
[rascalsthemes.com/demo/meloo/demo1/wp-content/uploads/2018/07/event4.jpg]
[rascalsthemes.com/demo/meloo/demo1/gallery/amsterdam-dance/index.html]
[rascalsthemes.com/demo/meloo/demo1/wp-content/uploads/2018/08/t-4-300x300.png]
[rascalsthemes.com/demo/meloo/demo1/shop/feed/index.html]
[rascalsthemes.com/demo/meloo/demo1/wp-content/uploads/2018/08/t-2-300x300.png]
[rascalsthemes.com/demo/meloo/demo1/wp-content/uploads/2018/08/t-1-300x300.png]
[rascalsthemes.com/demo/meloo/demo1/wp-content/uploads/2018/08/t-3-300x300.png]
[rascalsthemes.com/demo/meloo/demo1/wp-content/uploads/2018/08/meloo-1-300x300.png]
[rascalsthemes.com/demo/meloo/demo1/wp-content/uploads/2018/08/meloo-6-300x300.png]
[rascalsthemes.com/demo/meloo/demo1/shop/index.html]
[rascalsthemes.com/demo/meloo/demo1/wp-includes/css/dist/block-library/style.min1eb7.css]
[rascalsthemes.com/demo/meloo/demo1/shop/index001f.html]
[rascalsthemes.com/demo/meloo/demo1/shop/indexc918.html]
[rascalsthemes.com/demo/meloo/demo1/wp-content/plugins/woocommerce/packages/woocommerce-blocks/build/wc-blocks-vendors-styled01d.css]
[rascalsthemes.com/demo/meloo/demo1/shop/indexdf56.html]
[rascalsthemes.com/demo/meloo/demo1/wp-content/plugins/woocommerce/packages/woocommerce-blocks/build/wc-blocks-styled01d.css]
[rascalsthemes.com/demo/meloo/demo1/wp-content/plugins/contact-form-7/includes/css/styles40df.css]
[rascalsthemes.com/demo/meloo/demo1/wp-content/plugins/meloo-toolkit/options/toolkit/vendors/magnific-popup/magnific-popup1eb7.css]
[rascalsthemes.com/demo/meloo/demo1/wp-content/plugins/meloo-toolkit/options/toolkit/css/frontend-toolkit1eb7.css]
[rascalsthemes.com/demo/meloo/demo1/shop/indexc100.html]
[rascalsthemes.com/demo/meloo/demo1/wp-content/plugins/meloo-toolkit/options/scamp-player/fonts/Scamp-Player.css]
[rascalsthemes.com/demo/meloo/demo1/wp-content/plugins/meloo-toolkit/options/scamp-player/css/scamp.player1eb7.css]
[rascalsthemes.com/demo/meloo/demo1/wp-content/plugins/meloo-toolkit/options/scamp-player/css/scamp.player.dark1eb7.css]
[rascalsthemes.com/demo/meloo/demo1/wp-content/plugins/meloo-toolkit/options/scamp-player/css/scamp-player-shortcodes1eb7.css]
[rascalsthemes.com/demo/meloo/demo1/wp-content/plugins/woocommerce/assets/css/woocommerce-layoutbdeb.css]
[rascalsthemes.com/demo/meloo/demo1/wp-content/plugins/woocommerce/assets/css/woocommerce-smallscreenbdeb.css]
[rascalsthemes.com/demo/meloo/demo1/wp-content/plugins/woocommerce/assets/css/woocommercebdeb.css]
[rascalsthemes.com/demo/meloo/demo1/shop/index2d43.html]
[rascalsthemes.com/demo/meloo/demo1/wp-content/themes/meloo/images/bg.jpg]
[rascalsthemes.com/demo/meloo/demo1/wp-content/themes/meloo/style1eb7.css]
[rascalsthemes.com/demo/meloo/demo1/wp-content/themes/meloo-child/style1eb7.css]
[rascalsthemes.com/demo/meloo/demo1/wp-content/themes/meloo/icons/fonts/icomoon.ttf]
[rascalsthemes.com/demo/meloo/demo1/wp-content/themes/meloo/icons/fonts/icomoon.woff]
[rascalsthemes.com/demo/meloo/demo1/wp-content/themes/meloo/icons/icomoon1eb7.css]
[rascalsthemes.com/demo/meloo/demo1/wp-content/themes/meloo/icons/fonts/Pe-icon-7-stroke.woff]
[rascalsthemes.com/demo/meloo/demo1/wp-content/themes/meloo/icons/Pe-icon-7-stroke1eb7.css]
[rascalsthemes.com/demo/meloo/demo1/wp-content/themes/meloo/icons/fonts/Pe-icon-7-stroke.ttf]
[rascalsthemes.com/demo/meloo/demo1/wp-content/themes/meloo-child/css/woocommerce-theme-style1eb7.css]
[rascalsthemes.com/demo/meloo/demo1/wp-content/plugins/kingcomposer/assets/frontend/images/loader.png]
[rascalsthemes.com/demo/meloo/demo1/wp-content/plugins/kingcomposer/assets/frontend/images/loading.gif]
[rascalsthemes.com/demo/meloo/demo1/wp-content/plugins/kingcomposer/assets/frontend/images/fb_loading.gif]
[rascalsthemes.com/demo/meloo/demo1/wp-content/plugins/kingcomposer/assets/frontend/images/icon-remove.png]
[rascalsthemes.com/demo/meloo/demo1/wp-content/plugins/kingcomposer/assets/frontend/css/kingcomposer.min4315.css]
[rascalsthemes.com/demo/meloo/demo1/wp-content/plugins/kingcomposer/assets/css/animate4315.css]
[rascalsthemes.com/demo/meloo/demo1/wp-content/plugins/kingcomposer/assets/css/fonts/Simple-Line-Icons4c82.eot]
[rascalsthemes.com/demo/meloo/demo1/wp-content/plugins/kingcomposer/assets/css/fonts/Simple-Line-Iconsd41d.eot]
[rascalsthemes.com/demo/meloo/demo1/wp-content/plugins/kingcomposer/assets/css/fonts/Simple-Line-Icons.ttf]
[rascalsthemes.com/demo/meloo/demo1/wp-content/plugins/kingcomposer/assets/css/fonts/Simple-Line-Icons.woff]
[rascalsthemes.com/demo/meloo/demo1/wp-content/plugins/kingcomposer/assets/css/fonts/et-line.eot]
[rascalsthemes.com/demo/meloo/demo1/wp-content/plugins/kingcomposer/assets/css/fonts/et-lined41d.eot]
[rascalsthemes.com/demo/meloo/demo1/wp-content/plugins/kingcomposer/assets/css/fonts/et-line.woff]
[rascalsthemes.com/demo/meloo/demo1/wp-content/plugins/kingcomposer/assets/css/fonts/et-line.ttf]
[rascalsthemes.com/demo/meloo/demo1/wp-content/plugins/kingcomposer/assets/css/fonts/fa-solid-900.eot]
[rascalsthemes.com/demo/meloo/demo1/wp-content/plugins/kingcomposer/assets/css/fonts/fa-solid-900d41d.eot]
[rascalsthemes.com/demo/meloo/demo1/wp-content/plugins/kingcomposer/assets/css/fonts/fa-solid-900.woff2]
[rascalsthemes.com/demo/meloo/demo1/wp-content/plugins/kingcomposer/assets/css/fonts/fa-solid-900.woff]
[rascalsthemes.com/demo/meloo/demo1/wp-content/plugins/kingcomposer/assets/css/fonts/fa-solid-900.ttf]
[rascalsthemes.com/demo/meloo/demo1/wp-content/plugins/kingcomposer/assets/css/fonts/fa-brands-400.eot]
[rascalsthemes.com/demo/meloo/demo1/wp-content/plugins/kingcomposer/assets/css/fonts/fa-brands-400d41d.eot]
[rascalsthemes.com/demo/meloo/demo1/wp-content/plugins/kingcomposer/assets/css/fonts/fa-brands-400.woff2]
[rascalsthemes.com/demo/meloo/demo1/wp-content/plugins/kingcomposer/assets/css/fonts/fa-brands-400.woff]
[rascalsthemes.com/demo/meloo/demo1/wp-content/plugins/kingcomposer/assets/css/fonts/fa-brands-400.ttf]
[rascalsthemes.com/demo/meloo/demo1/wp-content/plugins/kingcomposer/assets/css/icons4315.css]
[rascalsthemes.com/demo/meloo/demo1/wp-content/plugins/kingcomposer/includes/frontend/vendors/owl-carousel/AjaxLoader.gif]
[rascalsthemes.com/demo/meloo/demo1/wp-content/plugins/kingcomposer/includes/frontend/vendors/owl-carousel/owl.theme4315.css]
[rascalsthemes.com/demo/meloo/demo1/wp-content/plugins/kingcomposer/includes/frontend/vendors/owl-carousel/grabbing.png]
[rascalsthemes.com/demo/meloo/demo1/wp-content/plugins/kingcomposer/includes/frontend/vendors/owl-carousel/owl.carousel4315.css]
[rascalsthemes.com/demo/meloo/demo1/wp-content/plugins/revslider/public/assets/css/openhand.html]
[rascalsthemes.com/demo/meloo/demo1/wp-content/plugins/revslider/public/assets/css/closedhand.html]
[rascalsthemes.com/demo/meloo/demo1/wp-content/plugins/revslider/public/assets/assets/gridtile.png]
[rascalsthemes.com/demo/meloo/demo1/wp-content/plugins/revslider/public/assets/assets/gridtile_white.png]
[rascalsthemes.com/demo/meloo/demo1/wp-content/plugins/revslider/public/assets/assets/gridtile_3x3.png]
[rascalsthemes.com/demo/meloo/demo1/wp-content/plugins/revslider/public/assets/assets/gridtile_3x3_white.png]
[rascalsthemes.com/demo/meloo/demo1/wp-content/plugins/revslider/public/assets/assets/coloredbg.png]
[rascalsthemes.com/demo/meloo/demo1/wp-content/plugins/revslider/public/assets/css/rs6097f.css]
[rascalsthemes.com/demo/meloo/demo1/wp-content/plugins/revslider/public/assets/assets/loader.gif]
[rascalsthemes.com/demo/meloo/demo1/music/sick-music/feed/index.html]
[rascalsthemes.com/demo/meloo/demo1/events/voice-from-the-stone/feed/index.html]
[rascalsthemes.com/demo/meloo/demo1/posts-page-builder-blocks/posts-block-1/page/2/index.html]
[rascalsthemes.com/demo/meloo/demo1/posts-page-builder-blocks/posts-block-1/page/7/index.html]
[rascalsthemes.com/demo/meloo/demo1/shop/index001f.html]
[rascalsthemes.com/demo/meloo/demo1/shop/indexc918.html]
[rascalsthemes.com/demo/meloo/demo1/shop/indexdf56.html]
[rascalsthemes.com/demo/meloo/demo1/shop/indexc100.html]
[rascalsthemes.com/demo/meloo/demo1/shop/index2d43.html]
[rascalsthemes.com/demo/meloo/demo1/wp-content/plugins/meloo-toolkit/options/scamp-player/fonts/Scamp-Player.css]
[rascalsthemes.com/demo/meloo/demo1/wp-content/themes/meloo/images/quote-start.svg]
[rascalsthemes.com/demo/meloo/demo1/wp-content/themes/meloo/images/quote-end.svg]
[rascalsthemes.com/demo/meloo/demo1/wp-content/themes/meloo/icons/fonts/icomoon.svg]
[rascalsthemes.com/demo/meloo/demo1/wp-content/plugins/kingcomposer/assets/css/fonts/Simple-Line-Iconsd41d.svg]
[rascalsthemes.com/demo/meloo/demo1/wp-content/plugins/kingcomposer/assets/css/fonts/et-line.svg]
[rascalsthemes.com/demo/meloo/demo1/wp-content/plugins/kingcomposer/assets/css/fonts/fa-solid-900.svg]
[rascalsthemes.com/demo/meloo/demo1/wp-content/plugins/kingcomposer/assets/css/fonts/fa-brands-400.svg]
[rascalsthemes.com/demo/meloo/demo1/wp-content/plugins/revslider/public/assets/css/openhand.html]
[rascalsthemes.com/demo/meloo/demo1/wp-content/plugins/revslider/public/assets/css/closedhand.html]
[rascalsthemes.com/demo/meloo/demo1/posts-page-builder-blocks/posts-block-1/page/3/index.html]
[rascalsthemes.com/demo/meloo/demo1/posts-page-builder-blocks/posts-block-1/page/6/index.html]
[rascalsthemes.com/demo/meloo/demo1/posts-page-builder-blocks/posts-block-1/page/3/index.html]
[rascalsthemes.com/demo/meloo/demo1/posts-page-builder-blocks/posts-block-1/page/6/index.html]
